// Jest Snapshot v1, https://goo.gl/fbAQLP

exports[`<BrDivider /> deveria renderizar o divider simples 1`] = `
<div
  class="br-divider"
/>
`;
