// Jest Snapshot v1, https://goo.gl/fbAQLP

exports[`<Typography/> deveria renderizar e conferir snapshot 1`] = `
<div
  class="text-up-03 text-bold text-primary-default ebr-clickable-primary-default ebr-clickable-text"
>
  Texto
</div>
`;
