// Jest Snapshot v1, https://goo.gl/fbAQLP

exports[`<BrMenu /> deveria renderizar com a classe br-menu 1`] = `
<div
  class="br-menu"
  data-breakpoints="col-md-4 col-lg-3 col-xl-2"
  id="menu_____1"
>
  <div
    class="menu-container"
  >
    <div
      class="menu-panel col-md-4 col-lg-3 col-xl-2"
    >
      <div
        class="menu-header"
      >
        <div
          class="menu-title"
        >
          <span>
            TÃ­tulo
          </span>
        </div>
      </div>
      <div
        class="menu-body"
        role="tree"
      >
        <a
          class="menu-item"
          id="menuitem_____2"
        >
          <span
            class="icon"
          />
          <span
            class="content"
          >
            Item 1
          </span>
        </a>
        <a
          class="menu-item"
          id="menuitem_____3"
        >
          <span
            class="icon"
          />
          <span
            class="content"
          >
            Item 2
          </span>
        </a>
      </div>
      <div
        class="menu-footer"
      />
    </div>
    <div
      class="menu-scrim"
      data-dismiss="menu"
      tabindex="0"
    />
  </div>
</div>
`;
