// Jest Snapshot v1, https://goo.gl/fbAQLP

exports[`<BrLoading /> deveria renderizar o loading simples 1`] = `
<div
  class="d-flex flex-column align-items-center"
>
  <div
    class="loading"
  />
</div>
`;
